// Jest Snapshot v1, https://goo.gl/fbAQLP

exports[`DetailsPage tests It should match its snapshot 1`] = `
<div>
  Loading...
</div>
`;
